SLURM_JOB_ID=53532693
OUTPUT_DIR=/nfs/turbo/umms-parent/axion_mea_spiketurnpike_projectfolder/FINAL FIG 2/Population Panels/ventral_MGE_putative_FS_RS_TTR90_PCHIP_040_056_FINAL/reformatted_histogram_best_units_activity_grid_20260714
3D FS-RS waveform plot QC:
  camera elevation = 12
  camera azimuth = 280
  custom box aspect applied = no
  FS units = 73
  RS units = 24
  Indeterminate units = 55
  firing-rate minimum = 3.15937312
  firing-rate maximum = 95.274141
  firing-rate 99th percentile = 70.0419016
  minimum marker area = 2.73895404
  maximum marker area = 18.2596936
  multipanel marker-area scale = 0.152164113
  marker-size scaling computed globally across all plotted classes = yes
OUTPUT_DIR=/nfs/turbo/umms-parent/axion_mea_spiketurnpike_projectfolder/FINAL FIG 2/Population Panels/ventral_MGE_putative_FS_RS_TTR90_PCHIP_040_056_FINAL/reformatted_histogram_best_units_activity_grid_20260714
Selected representative units:
rs_fs_class source_platform well  unit_id  ttr90_ms  acg_refractory_probability
         FS           Lumos   B6        0  0.289134                         0.0
         RS        CytoView   A3        5  0.771820                         0.0
Figures:
/nfs/turbo/umms-parent/axion_mea_spiketurnpike_projectfolder/FINAL FIG 2/Population Panels/ventral_MGE_putative_FS_RS_TTR90_PCHIP_040_056_FINAL/reformatted_histogram_best_units_activity_grid_20260714/lumos_ventral_putative_fsrs_ttr90_reformatted_FINAL.png
/nfs/turbo/umms-parent/axion_mea_spiketurnpike_projectfolder/FINAL FIG 2/Population Panels/ventral_MGE_putative_FS_RS_TTR90_PCHIP_040_056_FINAL/reformatted_histogram_best_units_activity_grid_20260714/lumos_ventral_putative_fsrs_ttr90_reformatted_FINAL.pdf
/nfs/turbo/umms-parent/axion_mea_spiketurnpike_projectfolder/FINAL FIG 2/Population Panels/ventral_MGE_putative_FS_RS_TTR90_PCHIP_040_056_FINAL/reformatted_histogram_best_units_activity_grid_20260714/lumos_ventral_putative_fsrs_ttr90_reformatted_FINAL.svg
Waveform metric sources:
/nfs/turbo/umms-parent/axion_mea_spiketurnpike_projectfolder/FINAL FIG 2/Population Panels/ventral_MGE_putative_FS_RS_TTR90_PCHIP_040_056_FINAL/reformatted_histogram_best_units_activity_grid_20260714/lumos_ventral_putative_fsrs_ttr90_reformatted_FINAL_all_unit_waveform_metrics.csv
/nfs/turbo/umms-parent/axion_mea_spiketurnpike_projectfolder/FINAL FIG 2/Population Panels/ventral_MGE_putative_FS_RS_TTR90_PCHIP_040_056_FINAL/reformatted_histogram_best_units_activity_grid_20260714/lumos_ventral_putative_fsrs_ttr90_reformatted_FINAL_waveform_metric_dictionary.csv
/nfs/turbo/umms-parent/axion_mea_spiketurnpike_projectfolder/FINAL FIG 2/Population Panels/ventral_MGE_putative_FS_RS_TTR90_PCHIP_040_056_FINAL/reformatted_histogram_best_units_activity_grid_20260714/lumos_ventral_putative_fsrs_ttr90_reformatted_FINAL_all_waveform_metrics_pairwise_matrix.svg
