{
  "generated_at": "2026-07-14T12:22:03",
  "measurement": "continuous PCHIP-interpolated TTR90; not discretized",
  "classification": {
    "high_confidence_FS_like": "TTR90 <= 0.40 ms; canonical negative trough",
    "indeterminate": "0.40 < TTR90 < 0.56 ms; canonical negative trough",
    "high_confidence_RS_like": "TTR90 >= 0.56 ms; canonical negative trough",
    "unclassified_atypical": "positive-first or other atypical morphology"
  },
  "regional_definition": {
    "dorsal": "dorsal CytoView",
    "ventral": "ventral CytoView plus all Lumos"
  },
  "unit_counts": {
    "dorsal": {
      "FS-like": 11,
      "Indeterminate": 23,
      "RS-like": 10,
      "Atypical": 30
    },
    "ventral": {
      "FS-like": 73,
      "Indeterminate": 55,
      "RS-like": 24,
      "Atypical": 76
    }
  },
  "organoid_observation_counts": {
    "dorsal": 16,
    "ventral": 79
  },
  "aggregation": "unit category indicators averaged within best-template channel, then channels averaged within source-platform/recording/well organoid observation",
  "figures": [
    "/nfs/turbo/umms-parent/axion_mea_spiketurnpike_projectfolder/FINAL FIG 2/Population Panels/dorsal_ventral_TTR90_PCHIP_040_056_comparison/dorsal_ventral_ttr90_040_056_comparison.png",
    "/nfs/turbo/umms-parent/axion_mea_spiketurnpike_projectfolder/FINAL FIG 2/Population Panels/dorsal_ventral_TTR90_PCHIP_040_056_comparison/dorsal_ventral_ttr90_040_056_comparison.pdf",
    "/nfs/turbo/umms-parent/axion_mea_spiketurnpike_projectfolder/FINAL FIG 2/Population Panels/dorsal_ventral_TTR90_PCHIP_040_056_comparison/dorsal_ventral_ttr90_040_056_comparison.svg"
  ]
}
